// Vitest Snapshot v1

exports[`BoxStep > renders correctly 1`] = `
"<div class=\\"flex flex-col items-center justify-center border border-slate-600 rounded-lg px-6\\">
  <div>Name of Step</div><img src=\\"test-image.jpg\\" alt=\\"Test Image\\">
  <p>Some text</p><button disabled=\\"\\" class=\\"mt-4 mb-6 ui-btn-primary gap-3 px-4 py-3 h-12 w-full\\">
    <!----><span class=\\"m-auto font-semibold\\"><span>Click me</span></span>
    <!---->
  </button>
</div>"
`;
