// Vitest Snapshot v1

exports[`HeaderEndSimulation.vue > renders the component correctly 1`] = `
"<div class=\\"absolute top-0 left-0 flex flex-row items-center justify-between px-9 gap-12 w-[100%] h-[72px] bg-white shadow z-40\\">
  <div class=\\"flex flex-row items-center\\"><button class=\\"shadow-md rounded-lg p-2 flex gap-2.5 shrink-0 grow-0\\">
      <!--v-if--><span class=\\"m-auto font-semibold\\"><img src=\\"/src/assets/icons/chevron-left.svg\\"></span>
      <!--v-if-->
    </button>
    <div class=\\"flex items-center p-0 gap-2.5 ml-5\\"><img src=\\"/src/assets/icons/solarPanelLogo.svg\\" alt=\\"\\" class=\\"h-10 w-10\\">
      <h1 class=\\"font-dm-sans font-bold text-2xl text-center\\"> Cadastre Solaire </h1>
    </div>
  </div>
  <div><button class=\\"ui-btn-regular-size ui-btn-secondary\\"><svg width=\\"20\\" height=\\"18\\" viewBox=\\"0 0 20 18\\" fill=\\"none\\" xmlns=\\"http://www.w3.org/2000/svg\\" role=\\"img\\" class=\\"m-auto mr-2\\">
        <path d=\\"M0.714355 10.1429L10.0001 0.857178L19.2858 10.1429\\" stroke=\\"black\\" stroke-linecap=\\"round\\" stroke-linejoin=\\"round\\"></path>
        <path d=\\"M3.57129 7.28564V17.2856H16.4284V7.28564\\" stroke=\\"black\\" stroke-linecap=\\"round\\" stroke-linejoin=\\"round\\"></path>
        <path d=\\"M10 17.2857V13\\" stroke=\\"#000001\\" stroke-linecap=\\"round\\" stroke-linejoin=\\"round\\"></path>
        <path d=\\"M10.0001 9.42861C10.9863 9.42861 11.7858 8.62911 11.7858 7.64289C11.7858 6.65667 10.9863 5.85718 10.0001 5.85718C9.01385 5.85718 8.21436 6.65667 8.21436 7.64289C8.21436 8.62911 9.01385 9.42861 10.0001 9.42861Z\\" stroke=\\"#000001\\" stroke-linecap=\\"round\\" stroke-linejoin=\\"round\\"></path>
      </svg><span class=\\"m-auto font-semibold\\"><span class=\\"text-base font-medium\\">Retour à l'accueil</span></span>
      <!---->
    </button></div>
</div>"
`;
