// Vitest Snapshot v1

exports[`InformationsLinky.vue > renders the component correctly 1`] = `
"<div class=\\"flex flex-col gap-6 border border-slate-200 rounded-lg bg-slate-50 h-[451px] w-full px-4 py-6 font-dm-sans text-sm font-normal\\">
  <p class=\\"text-base font-medium\\">Comment connecter mon compteur Linky ?</p>
  <div class=\\"flex flex-row gap-4\\"><img src=\\"/src/assets/illustrations/enedis-signature.svg\\" class=\\"w-[110px] h-[34.43px] my-auto\\">
    <p>Enedis gère le réseau d'électricité jusqu'au compteur.</p>
  </div>
  <p> Pour calculer vos économies d'énergie, nous devons accéder à vos données Linky gérées par Enedis. </p>
  <p> En cliquant sur ce bouton, vous accéderez à votre espace client Enedis où vous pourrez autoriser Enedis à nous transmettre votre consommation annuelle. </p><img tabindex=\\"0\\" src=\\"/src/assets/illustrations/enedis-personal-space.svg\\" class=\\"mx-auto cursor-pointer\\">
  <p class=\\"text-center\\"> Vous pourrez changer d'avis et révoquer <br>votre autorisation à tout moment. </p>
</div>"
`;
